// Jest Snapshot v1, https://goo.gl/fbAQLP

exports[`Test Button component Test click event 1`] = `
<View
  accessibilityState={
    {
      "busy": undefined,
      "checked": undefined,
      "disabled": undefined,
      "expanded": undefined,
      "selected": undefined,
    }
  }
  accessibilityValue={
    {
      "max": undefined,
      "min": undefined,
      "now": undefined,
      "text": undefined,
    }
  }
  accessible={true}
  collapsable={false}
  focusable={true}
  onClick={[Function]}
  onResponderGrant={[Function]}
  onResponderMove={[Function]}
  onResponderRelease={[Function]}
  onResponderTerminate={[Function]}
  onResponderTerminationRequest={[Function]}
  onStartShouldSetResponder={[Function]}
  style={
    {
      "opacity": 1,
    }
  }
>
  <View
    style={
      [
        {
          "alignItems": "center",
          "borderRadius": 4,
          "flexDirection": "row",
          "justifyContent": "center",
          "minHeight": 48,
          "width": "100%",
        },
        [
          {
            "backgroundColor": "#00B56B",
          },
        ],
      ]
    }
  >
    <Text
      style={
        [
          {
            "color": "#FFFFFF",
            "fontFamily": "CaustenRound-Bold",
            "fontSize": 16,
            "lineHeight": 20,
          },
        ]
      }
    >
      Test
    </Text>
  </View>
</View>
`;
